// Jest Snapshot v1, https://goo.gl/fbAQLP

exports[`<Forecast /> renders correctly 1`] = `
<div
  className="Container"
>
  <ReactSwipableView
    animateHeight={false}
    animateTransitions={true}
    axis="x"
    disableLazyLoading={false}
    disabled={false}
    enableMouseEvents={true}
    hysteresis={0.6}
    ignoreNativeScroll={false}
    index={0}
    resistance={false}
    springConfig={
      Object {
        "delay": "0s",
        "duration": "0.35s",
        "easeFunction": "cubic-bezier(0.15, 0.3, 0.25, 1)",
      }
    }
    threshold={5}
  >
    <div
      className="Cards"
      key="2019-05-13"
    >
      <ForecastDayCard
        date="Mon May 13"
        tempUnit="F"
        times={
          Array [
            "1",
            "2",
          ]
        }
      />
    </div>
  </ReactSwipableView>
</div>
`;
