// Jest Snapshot v1, https://goo.gl/fbAQLP

exports[`<App /> renders correctly 1`] = `
<div
  className="Container"
>
  <img
    alt="logo"
    className="Logo"
    src="stormLogo.svg"
  />
  <Wrapper
    getLocation={[Function]}
  />
</div>
`;
